// Jest Snapshot v1, https://goo.gl/fbAQLP

exports[`should render Footer as snapshot 1`] = `
<div
  className="footer text-center"
>
  Â© Thoughtworks 2017
</div>
`;
